(XnaiveX:0.0,0672664c50_contig_igh+igk:0.0,35fc655801_contig_igh+igk:0.0,6c897f6d54_contig_igh+igk:0.0,89cf6fd1da_contig_igh+igk:0.0,8bf1825cb1_contig_igh+igk:0.0,9633a1cff7_contig_igh+igk:0.0,a4197ef4d6_contig_igh+igk:0.0,b985e6e94e_contig_igh+igk:0.0,c1fec1c7ee_contig_igh+igk:0.0,d6e6421601_contig_igh+igk:0.0);
