(b02ee7754a_contig_igh+igl:0.00420,(a2238f4e9a_contig_igh+igl:0.03598,(XnaiveX:0.01859,(0eb272ee70_contig_igh+igl:0.04284,aa25e6c0ce_contig_igh+igl:0.03337)0.826:0.00533)0.970:0.01172)0.989:0.01515,(b1e56e40a1_contig_igh+igl:0.00880,(8d79fca804_contig_igh+igl:0.00292,a3baa83300_contig_igh+igl:0.00586)0.779:0.00144)0.972:0.00053);
