(((308de1d739:0.012038183,5fb484a8a6:0.015067490)0.520:0.000000005,efdea248af:0.009027557)0.425:0.000000005,(18f4019708:0.015102775,(648902c3e5:0.0,8024ed1a22:0.0,f47122f1f5:0.0):0.005987362)0.964:0.000000005,((ee25049b92:0.006017415,9c3cedb840:0.002987709)0.966:0.012091780,(XnaiveX:0.0,822801f8ab:0.0,d024e5cab0:0.0):0.005989775)0.962:0.000000005);
