
PLAY [testhost] ****************************************************************

TASK [Changed task] ************************************************************
changed: [testhost]

TASK [Failed task] *************************************************************
[ERROR]: Task failed: Action failed: no reason
Origin: TEST_PATH/test.yml:16:7

14       changed_when: false
15
16     - name: Failed task
         ^ column 7

fatal: [testhost]: FAILED! => {"changed": false, "msg": "no reason"}
...ignoring

TASK [Task with var in name (foo bar)] *****************************************
changed: [testhost]

TASK [Loop task] ***************************************************************
changed: [testhost] => (item=foo-1)
changed: [testhost] => (item=foo-2)
changed: [testhost] => (item=foo-3)

TASK [debug loop] **************************************************************
changed: [testhost] => (item=debug-1) => {
    "msg": "debug-1"
}
[ERROR]: Task failed: Action failed: debug-2
Origin: TEST_PATH/test.yml:38:7

36
37     # detect "changed" debug tasks being hidden with display_ok_tasks=false
38     - name: debug loop
         ^ column 7

failed: [testhost] (item=debug-2) => {
    "msg": "debug-2"
}
fatal: [testhost]: FAILED! => {"msg": "One or more items failed"}
...ignoring

TASK [EXPECTED FAILURE Failed task to be rescued] ******************************
[ERROR]: Task failed: Action failed: Failed as requested from task
Origin: TEST_PATH/test.yml:54:11

52
53     - block:
54         - name: EXPECTED FAILURE Failed task to be rescued
             ^ column 11

fatal: [testhost]: FAILED! => {"changed": false, "msg": "Failed as requested from task"}

TASK [Rescue task] *************************************************************
changed: [testhost]

TASK [include_tasks] ***********************************************************
included: .../test/integration/targets/callback_default/include_me.yml for testhost => (item=1)

TASK [copy] ********************************************************************
changed: [testhost]

TASK [replace] *****************************************************************
--- before: .../test_diff.txt
+++ after: .../test_diff.txt
@@ -1 +1 @@
-foo
\ No newline at end of file
+bar
\ No newline at end of file

changed: [testhost]

RUNNING HANDLER [Test handler 1] ***********************************************
changed: [testhost]

RUNNING HANDLER [Test handler 3] ***********************************************
changed: [testhost]

PLAY [testhost] ****************************************************************

TASK [First free task] *********************************************************
changed: [testhost]

TASK [Second free task] ********************************************************
changed: [testhost]

TASK [Include some tasks] ******************************************************
included: .../test/integration/targets/callback_default/include_me.yml for testhost => (item=1)

PLAY RECAP *********************************************************************
testhost                   : ok=19   changed=11   unreachable=0    failed=0    skipped=4    rescued=1    ignored=2   

