(b1e56e40a1-igh:0.016590950,(8d79fca804-igh:0.000000005,a3baa83300-igh:0.008244148)0.836:0.002747853,(b02ee7754a-igh:0.008224289,(a2238f4e9a-igh:0.063608985,(XnaiveX:0.022214108,(0eb272ee70-igh:0.064814496,(aa25e6c0ce-igh:0.012924769,9ed10b6475-igh:0.023970600)0.979:0.031919049)0.872:0.012478052)0.957:0.020824638)0.965:0.020078938)0.874:0.000000005);
