{
  "source": "https://raw.githubusercontent.com/apache/parquet-testing/master/data/alltypes_plain.snappy.parquet",
  "filesize": 1736,
  "column_chunks": [
    {
      "path_in_schema": "id",
      "start_offset": 4,
      "total_byte_size": 51,
      "codec": 1,
      "num_values": 2,
      "data_pages": [
        {
          "page_type": 0,
          "start_offset": 27,
          "header_size": 17,
          "compressed_page_size": 11,
          "uncompressed_page_size": 9,
          "crc": null,
          "num_values": 2,
          "encoding": 2,
          "definition_level_encoding": 3,
          "repetition_level_encoding": 4,
          "statistics": null
        }
      ],
      "index_pages": [],
      "dictionary_page": {
        "page_type": 2,
        "start_offset": 4,
        "header_size": 13,
        "compressed_page_size": 10,
        "uncompressed_page_size": 8,
        "crc": null,
        "num_values": 2,
        "encoding": 2,
        "is_sorted": false
      },
      "column_index": null,
      "offset_index": null,
      "row_group": 0
    },
    {
      "path_in_schema": "bool_col",
      "start_offset": 84,
      "total_byte_size": 26,
      "codec": 1,
      "num_values": 2,
      "data_pages": [
        {
          "page_type": 0,
          "start_offset": 84,
          "header_size": 17,
          "compressed_page_size": 9,
          "uncompressed_page_size": 7,
          "crc": null,
          "num_values": 2,
          "encoding": 0,
          "definition_level_encoding": 3,
          "repetition_level_encoding": 4,
          "statistics": null
        }
      ],
      "index_pages": [],
      "dictionary_page": null,
      "column_index": null,
      "offset_index": null,
      "row_group": 0
    },
    {
      "path_in_schema": "tinyint_col",
      "start_offset": 145,
      "total_byte_size": 51,
      "codec": 1,
      "num_values": 2,
      "data_pages": [
        {
          "page_type": 0,
          "start_offset": 168,
          "header_size": 17,
          "compressed_page_size": 11,
          "uncompressed_page_size": 9,
          "crc": null,
          "num_values": 2,
          "encoding": 2,
          "definition_level_encoding": 3,
          "repetition_level_encoding": 4,
          "statistics": null
        }
      ],
      "index_pages": [],
      "dictionary_page": {
        "page_type": 2,
        "start_offset": 145,
        "header_size": 13,
        "compressed_page_size": 10,
        "uncompressed_page_size": 8,
        "crc": null,
        "num_values": 2,
        "encoding": 2,
        "is_sorted": false
      },
      "column_index": null,
      "offset_index": null,
      "row_group": 0
    },
    {
      "path_in_schema": "smallint_col",
      "start_offset": 237,
      "total_byte_size": 51,
      "codec": 1,
      "num_values": 2,
      "data_pages": [
        {
          "page_type": 0,
          "start_offset": 260,
          "header_size": 17,
          "compressed_page_size": 11,
          "uncompressed_page_size": 9,
          "crc": null,
          "num_values": 2,
          "encoding": 2,
          "definition_level_encoding": 3,
          "repetition_level_encoding": 4,
          "statistics": null
        }
      ],
      "index_pages": [],
      "dictionary_page": {
        "page_type": 2,
        "start_offset": 237,
        "header_size": 13,
        "compressed_page_size": 10,
        "uncompressed_page_size": 8,
        "crc": null,
        "num_values": 2,
        "encoding": 2,
        "is_sorted": false
      },
      "column_index": null,
      "offset_index": null,
      "row_group": 0
    },
    {
      "path_in_schema": "int_col",
      "start_offset": 330,
      "total_byte_size": 51,
      "codec": 1,
      "num_values": 2,
      "data_pages": [
        {
          "page_type": 0,
          "start_offset": 353,
          "header_size": 17,
          "compressed_page_size": 11,
          "uncompressed_page_size": 9,
          "crc": null,
          "num_values": 2,
          "encoding": 2,
          "definition_level_encoding": 3,
          "repetition_level_encoding": 4,
          "statistics": null
        }
      ],
      "index_pages": [],
      "dictionary_page": {
        "page_type": 2,
        "start_offset": 330,
        "header_size": 13,
        "compressed_page_size": 10,
        "uncompressed_page_size": 8,
        "crc": null,
        "num_values": 2,
        "encoding": 2,
        "is_sorted": false
      },
      "column_index": null,
      "offset_index": null,
      "row_group": 0
    },
    {
      "path_in_schema": "bigint_col",
      "start_offset": 418,
      "total_byte_size": 59,
      "codec": 1,
      "num_values": 2,
      "data_pages": [
        {
          "page_type": 0,
          "start_offset": 449,
          "header_size": 17,
          "compressed_page_size": 11,
          "uncompressed_page_size": 9,
          "crc": null,
          "num_values": 2,
          "encoding": 2,
          "definition_level_encoding": 3,
          "repetition_level_encoding": 4,
          "statistics": null
        }
      ],
      "index_pages": [],
      "dictionary_page": {
        "page_type": 2,
        "start_offset": 418,
        "header_size": 13,
        "compressed_page_size": 18,
        "uncompressed_page_size": 16,
        "crc": null,
        "num_values": 2,
        "encoding": 2,
        "is_sorted": false
      },
      "column_index": null,
      "offset_index": null,
      "row_group": 0
    },
    {
      "path_in_schema": "float_col",
      "start_offset": 517,
      "total_byte_size": 51,
      "codec": 1,
      "num_values": 2,
      "data_pages": [
        {
          "page_type": 0,
          "start_offset": 540,
          "header_size": 17,
          "compressed_page_size": 11,
          "uncompressed_page_size": 9,
          "crc": null,
          "num_values": 2,
          "encoding": 2,
          "definition_level_encoding": 3,
          "repetition_level_encoding": 4,
          "statistics": null
        }
      ],
      "index_pages": [],
      "dictionary_page": {
        "page_type": 2,
        "start_offset": 517,
        "header_size": 13,
        "compressed_page_size": 10,
        "uncompressed_page_size": 8,
        "crc": null,
        "num_values": 2,
        "encoding": 2,
        "is_sorted": false
      },
      "column_index": null,
      "offset_index": null,
      "row_group": 0
    },
    {
      "path_in_schema": "double_col",
      "start_offset": 607,
      "total_byte_size": 59,
      "codec": 1,
      "num_values": 2,
      "data_pages": [
        {
          "page_type": 0,
          "start_offset": 638,
          "header_size": 17,
          "compressed_page_size": 11,
          "uncompressed_page_size": 9,
          "crc": null,
          "num_values": 2,
          "encoding": 2,
          "definition_level_encoding": 3,
          "repetition_level_encoding": 4,
          "statistics": null
        }
      ],
      "index_pages": [],
      "dictionary_page": {
        "page_type": 2,
        "start_offset": 607,
        "header_size": 13,
        "compressed_page_size": 18,
        "uncompressed_page_size": 16,
        "crc": null,
        "num_values": 2,
        "encoding": 2,
        "is_sorted": false
      },
      "column_index": null,
      "offset_index": null,
      "row_group": 0
    },
    {
      "path_in_schema": "date_string_col",
      "start_offset": 706,
      "total_byte_size": 55,
      "codec": 1,
      "num_values": 2,
      "data_pages": [
        {
          "page_type": 0,
          "start_offset": 733,
          "header_size": 17,
          "compressed_page_size": 11,
          "uncompressed_page_size": 9,
          "crc": null,
          "num_values": 2,
          "encoding": 2,
          "definition_level_encoding": 3,
          "repetition_level_encoding": 4,
          "statistics": null
        }
      ],
      "index_pages": [],
      "dictionary_page": {
        "page_type": 2,
        "start_offset": 706,
        "header_size": 13,
        "compressed_page_size": 14,
        "uncompressed_page_size": 12,
        "crc": null,
        "num_values": 1,
        "encoding": 2,
        "is_sorted": false
      },
      "column_index": null,
      "offset_index": null,
      "row_group": 0
    },
    {
      "path_in_schema": "string_col",
      "start_offset": 806,
      "total_byte_size": 53,
      "codec": 1,
      "num_values": 2,
      "data_pages": [
        {
          "page_type": 0,
          "start_offset": 831,
          "header_size": 17,
          "compressed_page_size": 11,
          "uncompressed_page_size": 9,
          "crc": null,
          "num_values": 2,
          "encoding": 2,
          "definition_level_encoding": 3,
          "repetition_level_encoding": 4,
          "statistics": null
        }
      ],
      "index_pages": [],
      "dictionary_page": {
        "page_type": 2,
        "start_offset": 806,
        "header_size": 13,
        "compressed_page_size": 12,
        "uncompressed_page_size": 10,
        "crc": null,
        "num_values": 2,
        "encoding": 2,
        "is_sorted": false
      },
      "column_index": null,
      "offset_index": null,
      "row_group": 0
    },
    {
      "path_in_schema": "timestamp_col",
      "start_offset": 899,
      "total_byte_size": 63,
      "codec": 1,
      "num_values": 2,
      "data_pages": [
        {
          "page_type": 0,
          "start_offset": 934,
          "header_size": 17,
          "compressed_page_size": 11,
          "uncompressed_page_size": 9,
          "crc": null,
          "num_values": 2,
          "encoding": 2,
          "definition_level_encoding": 3,
          "repetition_level_encoding": 4,
          "statistics": null
        }
      ],
      "index_pages": [],
      "dictionary_page": {
        "page_type": 2,
        "start_offset": 899,
        "header_size": 13,
        "compressed_page_size": 22,
        "uncompressed_page_size": 24,
        "crc": null,
        "num_values": 2,
        "encoding": 2,
        "is_sorted": false
      },
      "column_index": null,
      "offset_index": null,
      "row_group": 0
    }
  ],
  "metadata": {
    "start_offset": 1005,
    "total_byte_size": 723,
    "metadata": {
      "version": 1,
      "schema_root": {
        "element_type": "root",
        "name": "schema",
        "full_path": "",
        "start_offset": 1009,
        "byte_length": 11,
        "definition_level": 0,
        "repetition_level": 0,
        "num_children": 11,
        "children": {
          "id": {
            "element_type": "column",
            "name": "id",
            "full_path": "id",
            "start_offset": 1020,
            "byte_length": 9,
            "definition_level": 1,
            "repetition_level": 0,
            "type": 1,
            "repetition": 1,
            "converted_type": null,
            "type_length": null,
            "scale": null,
            "precision": null,
            "field_id": null,
            "logical_type": null,
            "list_semantics": null
          },
          "bool_col": {
            "element_type": "column",
            "name": "bool_col",
            "full_path": "bool_col",
            "start_offset": 1029,
            "byte_length": 15,
            "definition_level": 1,
            "repetition_level": 0,
            "type": 0,
            "repetition": 1,
            "converted_type": null,
            "type_length": null,
            "scale": null,
            "precision": null,
            "field_id": null,
            "logical_type": null,
            "list_semantics": null
          },
          "tinyint_col": {
            "element_type": "column",
            "name": "tinyint_col",
            "full_path": "tinyint_col",
            "start_offset": 1044,
            "byte_length": 18,
            "definition_level": 1,
            "repetition_level": 0,
            "type": 1,
            "repetition": 1,
            "converted_type": null,
            "type_length": null,
            "scale": null,
            "precision": null,
            "field_id": null,
            "logical_type": null,
            "list_semantics": null
          },
          "smallint_col": {
            "element_type": "column",
            "name": "smallint_col",
            "full_path": "smallint_col",
            "start_offset": 1062,
            "byte_length": 19,
            "definition_level": 1,
            "repetition_level": 0,
            "type": 1,
            "repetition": 1,
            "converted_type": null,
            "type_length": null,
            "scale": null,
            "precision": null,
            "field_id": null,
            "logical_type": null,
            "list_semantics": null
          },
          "int_col": {
            "element_type": "column",
            "name": "int_col",
            "full_path": "int_col",
            "start_offset": 1081,
            "byte_length": 14,
            "definition_level": 1,
            "repetition_level": 0,
            "type": 1,
            "repetition": 1,
            "converted_type": null,
            "type_length": null,
            "scale": null,
            "precision": null,
            "field_id": null,
            "logical_type": null,
            "list_semantics": null
          },
          "bigint_col": {
            "element_type": "column",
            "name": "bigint_col",
            "full_path": "bigint_col",
            "start_offset": 1095,
            "byte_length": 17,
            "definition_level": 1,
            "repetition_level": 0,
            "type": 2,
            "repetition": 1,
            "converted_type": null,
            "type_length": null,
            "scale": null,
            "precision": null,
            "field_id": null,
            "logical_type": null,
            "list_semantics": null
          },
          "float_col": {
            "element_type": "column",
            "name": "float_col",
            "full_path": "float_col",
            "start_offset": 1112,
            "byte_length": 16,
            "definition_level": 1,
            "repetition_level": 0,
            "type": 4,
            "repetition": 1,
            "converted_type": null,
            "type_length": null,
            "scale": null,
            "precision": null,
            "field_id": null,
            "logical_type": null,
            "list_semantics": null
          },
          "double_col": {
            "element_type": "column",
            "name": "double_col",
            "full_path": "double_col",
            "start_offset": 1128,
            "byte_length": 17,
            "definition_level": 1,
            "repetition_level": 0,
            "type": 5,
            "repetition": 1,
            "converted_type": null,
            "type_length": null,
            "scale": null,
            "precision": null,
            "field_id": null,
            "logical_type": null,
            "list_semantics": null
          },
          "date_string_col": {
            "element_type": "column",
            "name": "date_string_col",
            "full_path": "date_string_col",
            "start_offset": 1145,
            "byte_length": 22,
            "definition_level": 1,
            "repetition_level": 0,
            "type": 6,
            "repetition": 1,
            "converted_type": null,
            "type_length": null,
            "scale": null,
            "precision": null,
            "field_id": null,
            "logical_type": null,
            "list_semantics": null
          },
          "string_col": {
            "element_type": "column",
            "name": "string_col",
            "full_path": "string_col",
            "start_offset": 1167,
            "byte_length": 17,
            "definition_level": 1,
            "repetition_level": 0,
            "type": 6,
            "repetition": 1,
            "converted_type": null,
            "type_length": null,
            "scale": null,
            "precision": null,
            "field_id": null,
            "logical_type": null,
            "list_semantics": null
          },
          "timestamp_col": {
            "element_type": "column",
            "name": "timestamp_col",
            "full_path": "timestamp_col",
            "start_offset": 1184,
            "byte_length": 20,
            "definition_level": 1,
            "repetition_level": 0,
            "type": 3,
            "repetition": 1,
            "converted_type": null,
            "type_length": null,
            "scale": null,
            "precision": null,
            "field_id": null,
            "logical_type": null,
            "list_semantics": null
          }
        },
        "repetition": 0
      },
      "row_groups": [
        {
          "start_offset": 1208,
          "byte_length": 439,
          "column_chunks": {
            "id": {
              "file_offset": 55,
              "metadata": {
                "start_offset": 1213,
                "byte_length": 25,
                "type": 1,
                "encodings": [
                  3,
                  2,
                  0
                ],
                "path_in_schema": "id",
                "codec": 1,
                "num_values": 2,
                "total_uncompressed_size": 47,
                "total_compressed_size": 51,
                "data_page_offset": 27,
                "index_page_offset": null,
                "dictionary_page_offset": 4,
                "statistics": null,
                "encoding_stats": null,
                "bloom_filter_offset": null,
                "bloom_filter_length": null,
                "size_statistics": null,
                "geospatial_statistics": null
              },
              "file_path": null,
              "offset_index_offset": null,
              "offset_index_length": null,
              "column_index_offset": null,
              "column_index_length": null
            },
            "bool_col": {
              "file_offset": 110,
              "metadata": {
                "start_offset": 1243,
                "byte_length": 30,
                "type": 0,
                "encodings": [
                  3,
                  2,
                  0
                ],
                "path_in_schema": "bool_col",
                "codec": 1,
                "num_values": 2,
                "total_uncompressed_size": 24,
                "total_compressed_size": 26,
                "data_page_offset": 84,
                "index_page_offset": null,
                "dictionary_page_offset": null,
                "statistics": null,
                "encoding_stats": null,
                "bloom_filter_offset": null,
                "bloom_filter_length": null,
                "size_statistics": null,
                "geospatial_statistics": null
              },
              "file_path": null,
              "offset_index_offset": null,
              "offset_index_length": null,
              "column_index_offset": null,
              "column_index_length": null
            },
            "tinyint_col": {
              "file_offset": 196,
              "metadata": {
                "start_offset": 1278,
                "byte_length": 36,
                "type": 1,
                "encodings": [
                  3,
                  2,
                  0
                ],
                "path_in_schema": "tinyint_col",
                "codec": 1,
                "num_values": 2,
                "total_uncompressed_size": 47,
                "total_compressed_size": 51,
                "data_page_offset": 168,
                "index_page_offset": null,
                "dictionary_page_offset": 145,
                "statistics": null,
                "encoding_stats": null,
                "bloom_filter_offset": null,
                "bloom_filter_length": null,
                "size_statistics": null,
                "geospatial_statistics": null
              },
              "file_path": null,
              "offset_index_offset": null,
              "offset_index_length": null,
              "column_index_offset": null,
              "column_index_length": null
            },
            "smallint_col": {
              "file_offset": 288,
              "metadata": {
                "start_offset": 1319,
                "byte_length": 37,
                "type": 1,
                "encodings": [
                  3,
                  2,
                  0
                ],
                "path_in_schema": "smallint_col",
                "codec": 1,
                "num_values": 2,
                "total_uncompressed_size": 47,
                "total_compressed_size": 51,
                "data_page_offset": 260,
                "index_page_offset": null,
                "dictionary_page_offset": 237,
                "statistics": null,
                "encoding_stats": null,
                "bloom_filter_offset": null,
                "bloom_filter_length": null,
                "size_statistics": null,
                "geospatial_statistics": null
              },
              "file_path": null,
              "offset_index_offset": null,
              "offset_index_length": null,
              "column_index_offset": null,
              "column_index_length": null
            },
            "int_col": {
              "file_offset": 381,
              "metadata": {
                "start_offset": 1361,
                "byte_length": 32,
                "type": 1,
                "encodings": [
                  3,
                  2,
                  0
                ],
                "path_in_schema": "int_col",
                "codec": 1,
                "num_values": 2,
                "total_uncompressed_size": 47,
                "total_compressed_size": 51,
                "data_page_offset": 353,
                "index_page_offset": null,
                "dictionary_page_offset": 330,
                "statistics": null,
                "encoding_stats": null,
                "bloom_filter_offset": null,
                "bloom_filter_length": null,
                "size_statistics": null,
                "geospatial_statistics": null
              },
              "file_path": null,
              "offset_index_offset": null,
              "offset_index_length": null,
              "column_index_offset": null,
              "column_index_length": null
            },
            "bigint_col": {
              "file_offset": 477,
              "metadata": {
                "start_offset": 1398,
                "byte_length": 35,
                "type": 2,
                "encodings": [
                  3,
                  2,
                  0
                ],
                "path_in_schema": "bigint_col",
                "codec": 1,
                "num_values": 2,
                "total_uncompressed_size": 55,
                "total_compressed_size": 59,
                "data_page_offset": 449,
                "index_page_offset": null,
                "dictionary_page_offset": 418,
                "statistics": null,
                "encoding_stats": null,
                "bloom_filter_offset": null,
                "bloom_filter_length": null,
                "size_statistics": null,
                "geospatial_statistics": null
              },
              "file_path": null,
              "offset_index_offset": null,
              "offset_index_length": null,
              "column_index_offset": null,
              "column_index_length": null
            },
            "float_col": {
              "file_offset": 568,
              "metadata": {
                "start_offset": 1438,
                "byte_length": 34,
                "type": 4,
                "encodings": [
                  3,
                  2,
                  0
                ],
                "path_in_schema": "float_col",
                "codec": 1,
                "num_values": 2,
                "total_uncompressed_size": 47,
                "total_compressed_size": 51,
                "data_page_offset": 540,
                "index_page_offset": null,
                "dictionary_page_offset": 517,
                "statistics": null,
                "encoding_stats": null,
                "bloom_filter_offset": null,
                "bloom_filter_length": null,
                "size_statistics": null,
                "geospatial_statistics": null
              },
              "file_path": null,
              "offset_index_offset": null,
              "offset_index_length": null,
              "column_index_offset": null,
              "column_index_length": null
            },
            "double_col": {
              "file_offset": 666,
              "metadata": {
                "start_offset": 1477,
                "byte_length": 35,
                "type": 5,
                "encodings": [
                  3,
                  2,
                  0
                ],
                "path_in_schema": "double_col",
                "codec": 1,
                "num_values": 2,
                "total_uncompressed_size": 55,
                "total_compressed_size": 59,
                "data_page_offset": 638,
                "index_page_offset": null,
                "dictionary_page_offset": 607,
                "statistics": null,
                "encoding_stats": null,
                "bloom_filter_offset": null,
                "bloom_filter_length": null,
                "size_statistics": null,
                "geospatial_statistics": null
              },
              "file_path": null,
              "offset_index_offset": null,
              "offset_index_length": null,
              "column_index_offset": null,
              "column_index_length": null
            },
            "date_string_col": {
              "file_offset": 761,
              "metadata": {
                "start_offset": 1517,
                "byte_length": 40,
                "type": 6,
                "encodings": [
                  3,
                  2,
                  0
                ],
                "path_in_schema": "date_string_col",
                "codec": 1,
                "num_values": 2,
                "total_uncompressed_size": 51,
                "total_compressed_size": 55,
                "data_page_offset": 733,
                "index_page_offset": null,
                "dictionary_page_offset": 706,
                "statistics": null,
                "encoding_stats": null,
                "bloom_filter_offset": null,
                "bloom_filter_length": null,
                "size_statistics": null,
                "geospatial_statistics": null
              },
              "file_path": null,
              "offset_index_offset": null,
              "offset_index_length": null,
              "column_index_offset": null,
              "column_index_length": null
            },
            "string_col": {
              "file_offset": 859,
              "metadata": {
                "start_offset": 1562,
                "byte_length": 35,
                "type": 6,
                "encodings": [
                  3,
                  2,
                  0
                ],
                "path_in_schema": "string_col",
                "codec": 1,
                "num_values": 2,
                "total_uncompressed_size": 49,
                "total_compressed_size": 53,
                "data_page_offset": 831,
                "index_page_offset": null,
                "dictionary_page_offset": 806,
                "statistics": null,
                "encoding_stats": null,
                "bloom_filter_offset": null,
                "bloom_filter_length": null,
                "size_statistics": null,
                "geospatial_statistics": null
              },
              "file_path": null,
              "offset_index_offset": null,
              "offset_index_length": null,
              "column_index_offset": null,
              "column_index_length": null
            },
            "timestamp_col": {
              "file_offset": 962,
              "metadata": {
                "start_offset": 1602,
                "byte_length": 38,
                "type": 3,
                "encodings": [
                  3,
                  2,
                  0
                ],
                "path_in_schema": "timestamp_col",
                "codec": 1,
                "num_values": 2,
                "total_uncompressed_size": 63,
                "total_compressed_size": 63,
                "data_page_offset": 934,
                "index_page_offset": null,
                "dictionary_page_offset": 899,
                "statistics": null,
                "encoding_stats": null,
                "bloom_filter_offset": null,
                "bloom_filter_length": null,
                "size_statistics": null,
                "geospatial_statistics": null
              },
              "file_path": null,
              "offset_index_offset": null,
              "offset_index_length": null,
              "column_index_offset": null,
              "column_index_length": null
            }
          },
          "total_byte_size": 570,
          "row_count": 2,
          "sorting_columns": null,
          "file_offset": null,
          "total_compressed_size": null,
          "ordinal": null,
          "compression_stats": {
            "total_compressed": 570,
            "total_uncompressed": 532,
            "ratio": 1.0714285714285714,
            "space_saved_percent": -7.14285714285714,
            "compressed_mb": 0.0005435943603515625,
            "uncompressed_mb": 0.000507354736328125
          }
        }
      ],
      "created_by": "impala version 1.3.0-INTERNAL (build 8a48ddb1eff84592b3fc06bc6f51ec120e1fffc9)",
      "key_value_metadata": [],
      "compression_stats": {
        "total_compressed": 570,
        "total_uncompressed": 532,
        "ratio": 1.0714285714285714,
        "space_saved_percent": -7.14285714285714,
        "compressed_mb": 0.0005435943603515625,
        "uncompressed_mb": 0.000507354736328125
      },
      "column_count": 11,
      "row_count": 2,
      "row_group_count": 1
    }
  },
  "magic_header": "PAR1",
  "magic_footer": "PAR1",
  "_meta": {
    "format_version": 0
  }
}