{
  "source": "https://raw.githubusercontent.com/apache/parquet-testing/master/data/datapage_v2_empty_datapage.snappy.parquet",
  "filesize": 413,
  "column_chunks": [
    {
      "path_in_schema": "value",
      "start_offset": 4,
      "total_byte_size": 23,
      "codec": 1,
      "num_values": 1,
      "data_pages": [
        {
          "page_type": 3,
          "start_offset": 4,
          "header_size": 21,
          "compressed_page_size": 2,
          "uncompressed_page_size": 2,
          "crc": null,
          "num_values": 1,
          "num_nulls": 1,
          "num_rows": 1,
          "encoding": 0,
          "definition_levels_byte_length": 2,
          "repetition_levels_byte_length": 0,
          "is_compressed": true,
          "statistics": null
        }
      ],
      "index_pages": [],
      "dictionary_page": null,
      "column_index": {
        "column_index_offset": 27,
        "column_index_length": 15,
        "column_index": {
          "null_pages": [
            false
          ],
          "min_values": [
            ""
          ],
          "max_values": [
            ""
          ],
          "boundary_order": 1,
          "null_counts": [
            1
          ],
          "repetition_level_histograms": null,
          "definition_level_histograms": null
        }
      },
      "offset_index": {
        "offset_index_offset": 42,
        "offset_index_length": 10,
        "offset_index": {
          "page_locations": [
            {
              "offset": 4,
              "compressed_page_size": 23,
              "first_row_index": 0
            }
          ],
          "unencoded_byte_array_data_bytes": null
        }
      },
      "row_group": 0
    }
  ],
  "metadata": {
    "start_offset": 52,
    "total_byte_size": 353,
    "metadata": {
      "version": 1,
      "schema_root": {
        "element_type": "root",
        "name": "spark_schema",
        "full_path": "",
        "start_offset": 56,
        "byte_length": 17,
        "definition_level": 0,
        "repetition_level": 0,
        "num_children": 1,
        "children": {
          "value": {
            "element_type": "column",
            "name": "value",
            "full_path": "value",
            "start_offset": 73,
            "byte_length": 12,
            "definition_level": 1,
            "repetition_level": 0,
            "type": 4,
            "repetition": 1,
            "converted_type": null,
            "type_length": null,
            "scale": null,
            "precision": null,
            "field_id": null,
            "logical_type": null,
            "list_semantics": null
          }
        },
        "repetition": 0
      },
      "row_groups": [
        {
          "start_offset": 89,
          "byte_length": 62,
          "column_chunks": {
            "value": {
              "file_offset": 4,
              "metadata": {
                "start_offset": 94,
                "byte_length": 37,
                "type": 4,
                "encodings": [
                  0
                ],
                "path_in_schema": "value",
                "codec": 1,
                "num_values": 1,
                "total_uncompressed_size": 23,
                "total_compressed_size": 23,
                "data_page_offset": 4,
                "index_page_offset": null,
                "dictionary_page_offset": null,
                "statistics": {
                  "min": null,
                  "max": null,
                  "null_count": 1,
                  "distinct_count": null,
                  "min_value": null,
                  "max_value": null,
                  "is_min_value_exact": null,
                  "is_max_value_exact": null
                },
                "encoding_stats": [
                  {
                    "page_type": 3,
                    "encoding": 0,
                    "count": 1
                  }
                ],
                "bloom_filter_offset": null,
                "bloom_filter_length": null,
                "size_statistics": null,
                "geospatial_statistics": null
              },
              "file_path": null,
              "offset_index_offset": 42,
              "offset_index_length": 10,
              "column_index_offset": 27,
              "column_index_length": 15
            }
          },
          "total_byte_size": 23,
          "row_count": 1,
          "sorting_columns": null,
          "file_offset": 4,
          "total_compressed_size": 23,
          "ordinal": 0,
          "compression_stats": {
            "total_compressed": 23,
            "total_uncompressed": 23,
            "ratio": 1.0,
            "space_saved_percent": 0.0,
            "compressed_mb": 2.193450927734375e-05,
            "uncompressed_mb": 2.193450927734375e-05
          }
        }
      ],
      "created_by": "parquet-mr version 1.13.1 (build db4183109d5b734ec5930d870cdae161e408ddba)",
      "key_value_metadata": [
        {
          "start_offset": 153,
          "byte_length": 34,
          "key": "org.apache.spark.version",
          "value": "3.5.5"
        },
        {
          "start_offset": 187,
          "byte_length": 136,
          "key": "org.apache.spark.sql.parquet.row.metadata",
          "value": "{\"type\":\"struct\",\"fields\":[{\"name\":\"value\",\"type\":\"float\",\"nullable\":true,\"metadata\":{}}]}"
        }
      ],
      "compression_stats": {
        "total_compressed": 23,
        "total_uncompressed": 23,
        "ratio": 1.0,
        "space_saved_percent": 0.0,
        "compressed_mb": 2.193450927734375e-05,
        "uncompressed_mb": 2.193450927734375e-05
      },
      "column_count": 1,
      "row_count": 1,
      "row_group_count": 1
    }
  },
  "magic_header": "PAR1",
  "magic_footer": "PAR1",
  "_meta": {
    "format_version": 0
  }
}