{
  "source": "https://raw.githubusercontent.com/apache/parquet-testing/master/data/geospatial/crs-projjson.parquet",
  "data": {
    "wkt": [
      "POLYGON ((-1176249.4056551068 2538743.2590920925, -1177998.7342323377 2527752.4972285605, -1179748.4663051013 2516759.200264779, -1181498.5946226437 2505763.413756119, -1183249.1119683809 2494765.183043262, -1185000.0111596882 2483764.553253533, -1186751.2850476913 2472761.5693022106, -1188502.9265170693 2461756.275893756, -1190254.9284858396 2450748.7175231758, -1192007.283905161 2439738.9384772535, -1193759.985759134 2428726.9828358046, -1195513.0270645919 2417712.894472986, -1197266.40087091 2406696.7170585077, -1199020.1002598023 2395678.4940588884, -1200774.118345125 2384658.2687387103, -1202528.4482726813 2373636.084161838, -1204283.08322003 2362611.9831926157, -1206038.0163962855 2351586.0084971306, -1207793.2410419292 2340558.2025444005, -1209548.7504286203 2329528.607607547, -1211304.5378590033 2318497.2657650276, -1213060.596666517 2307464.2189018186, -1214816.9202152125 2296429.5087105636, -1216573.5018995625 2285393.176692771, -1218330.335144279 2274355.2641599635, -1220087.4134041255 2263315.8122348553, -1221844.730163736 2252274.8618524824, -1223602.278937437 2241232.453761335, -1225360.0532690582 2230188.628524537, -1227118.0467317626 2219143.426520912, -1228876.2529278581 2208096.8879461735, -1230634.6654886294 2197049.0528139826, -1232393.278074156 2185999.9609570773, -1234152.084373139 2174949.652028378, -1235911.0781027281 2163898.1655020677, -1237670.2530083454 2152845.540674693, -1239429.6028635162 2141791.8166662343, -1241189.1214696998 2130737.032421168, -1242948.8026561143 2119681.226709565, -1244708.6402795734 2108624.43812812, -1246468.6282243181 2097566.7051012027, -1238227.2718879324 2096259.4271573299, -1229984.5445131497 2094960.8220168604, -1221740.4552268074 2093670.891117688, -1213495.0131572448 2092389.635888099, -1205248.2274343069 2091117.0577467757, -1197000.1071893198 2089853.1581027922, -1188750.6615550893 2088597.9383556114, -1180499.89966589 2087351.3998950887, -1172247.8306574512 2086113.5441014636, -1163994.4636669536 2084884.3723453644, -1155739.807833012 2083663.8859878015, -1147483.8722956674 2082452.08638017, -1139226.666196382 2081248.9748642466, -1130968.1986780197 2080054.5527721872, -1122708.4788848464 2078868.8214265248, -1114447.5159625092 2077691.7821401737, -1106185.3190580357 2076523.4362164203, -1097921.8973198195 2075363.7849489264, -1089657.2598976071 2074212.8296217257, -1081391.4159424957 2073070.5715092246, -1073124.374606915 2071937.0118761992, -1064856.1450446206 2070812.151977792, -1056586.7364106867 2069695.993059517, -1048316.1578614895 2068588.5363572482, -1040044.4185547036 2067489.78309723, -1031771.527649287 2066399.7344960652, -1023497.4943054711 2065318.3917607202, -1015222.3276847587 2064245.756088522, -1006946.0369499001 2063181.8286671555, -998668.6312648953 2062126.610674665, -990390.119794976 2061080.1032794495, -982110.5117065981 2060042.3076402643, -973829.8161674353 2059013.2249062175, -965548.0423463603 2057992.8562167704, -957265.1994134451 2056981.2027017367, -948981.2965399415 2055978.2654812771, -940696.342898275 2054984.0456659035, -932410.347662037 2053998.5443564754, -924123.320005971 2053021.762644198, -915835.2691059646 2052053.7016106213, -907546.2041390366 2051094.3623276402, -899256.1342833283 2050143.745857491, -890965.0687180968 2049201.8532527531, -882673.016623698 2048268.6855563456, -874379.9871815837 2047344.2438015272, -866085.9895742852 2046428.5290118936, -857791.0329854059 2045521.542201378, -849495.1265996133 2044623.2843742517, -841198.2796026226 2043733.756525116, -832900.501181197 2042852.9596389118, -824601.8005231246 2041980.8946909083, -816302.1868172166 2041117.5626467061, -808001.6692532975 2040262.964462239, -799700.2570221885 2039417.1010837674, -791397.959315706 2038579.9734478823, -783094.7853266437 2037751.5824815007, -774790.7442487652 2036931.929101865, -766485.8452767973 2036121.0142165443, -758180.0976064131 2035318.838723432, -749873.510434229 2034525.4035107442, -741566.0929577872 2033740.709457019, -733257.854375552 2032964.757431117, -724948.8038868973 2032197.5482922157, -716638.9506920928 2031439.0828898163, -708328.3039923005 2030689.3620637357, -700016.8729895587 2029948.38664411, -691704.6668867739 2029216.1574513896, -683391.6948877141 2028492.6752963436, -675077.9661969906 2027777.9409800519, -666763.4900200572 2027071.9552939134, -665822.0337508344 2038229.2254507823, -664880.6578917743 2049385.5426606727, -663939.3657143307 2060540.868153334, -662998.1605046291 2071695.1629846399, -662057.0455635568 2082848.3880355284, -661116.0242068493 2094000.5040109598, -660175.0997651848 2105151.471438813, -659234.2755842748 2116301.2506688084, -658293.555024954 2127449.8018714343, -657352.9414632753 2138597.0850368314, -656412.4382906012 2149743.0599737023, -655472.0489136981 2160887.686308201, -654531.776754832 2172030.9234827883, -653591.6252518593 2183172.730755167, -652651.5978583276 2194313.067197081, -651711.6980435665 2205451.891693239, -650771.9292927885 2216589.1629401254, -649832.2951071843 2227724.839444855, -648892.7990040206 2238858.8795240372, -647953.4445167391 2249991.2413025834, -647014.2351950546 2261121.8827125505, -646075.1746050575 2272250.76149193, -645136.2663293108 2283377.8351834933, -644197.5139669515 2294503.0611335933, -643258.9211337954 2305626.3964909227, -642320.4914624363 2316747.798205332, -641382.2286023479 2327867.223026631, -640444.136219991 2338984.627503311, -639506.2179989159 2350099.9679813404, -638568.4776398651 2361213.2006029324, -637630.9188608812 2372324.2813052814, -636693.5453974138 2383433.165819293, -635756.3610024215 2394539.8096683626, -634819.3694464846 2405644.168167057, -633882.5745179116 2416746.1964198425, -632945.9800228439 2427845.849319848, -632009.5897853719 2438943.0815474866, -631073.4076476395 2450037.847569214, -630137.4374699561 2461130.1016362123, -629201.6831309096 2472219.797783039, -637047.7672119695 2472886.01209836, -644893.1459161028 2473560.4821938784, -652737.8105564406 2474243.207322779, -660581.752446909 2474934.18672911, -668424.9629022297 2475633.419647777, -676267.4332379381 2476340.9053045483, -684109.154770388 2477056.642916054, -691950.1188167608 2477780.631689788, -699790.3166950794 2478512.870824105, -707629.7397242124 2479253.3595082285, -715468.3792238865 2480002.096922246, -723306.226514699 2480759.0822371095, -731143.2729181204 2481524.3146146415, -738979.5097565115 2482297.793207531, -746814.9283531262 2483079.5171593362, -754649.5200321269 2483869.4856044864, -762483.2761185919 2484667.6976682832, -770316.1879385214 2485474.1524668974, -778148.2468188549 2486288.849107375, -785979.4440874719 2487111.786687636, -793809.7710732091 2487942.9642964755, -801639.2191058679 2488782.381013565, -809467.7795162168 2489630.0359094506, -817295.443636014 2490485.9280455615, -825122.2027980054 2491350.056474201, -832948.0483359421 2492222.420238556, -840772.9715845861 2493103.018372694, -848596.9638797181 2493991.849901565, -856420.0165581538 2494888.913841001, -864242.1209577449 2495794.209197721, -872063.2684173962 2496707.7349693277, -879883.4502770723 2497629.490144312, -887702.6578778047 2498559.4737020517, -895520.8825617047 2499497.6846128143, -903338.115671971 2500444.1218377575, -911154.3485529021 2501398.7843289287, -918969.5725499043 2502361.671029271, -926783.7790094981 2503332.780872619, -934596.9592793339 2504312.1127837, -942409.1047081953 2505299.665678144, -950220.2066460139 2506295.438462471, -958030.2564438771 2507299.4300341047, -965839.2454540347 2508311.639281364, -973647.1650299157 2509332.065083473, -981454.0065261258 2510360.7063105544, -989259.7612984714 2511397.5618236363, -997064.4207039598 2512442.6304746526, -1004867.9761008096 2513495.9111064384, -1012670.4188484651 2514557.402552743, -1020471.7403075984 2515627.103638217, -1028271.9318401268 2516705.013178426, -1036070.9848092184 2517791.129979844, -1043868.8905792985 2518885.452839859, -1051665.6405160674 2519987.980546771, -1059461.225986502 2521098.7118797977, -1067255.6383588682 2522217.6456090715, -1075048.8690027343 2523344.7804956413, -1082840.9092889728 2524480.1152914776, -1090631.7505897782 2525623.6487394716, -1098421.3842786688 2526775.379573435, -1106209.801730503 2527935.306518102, -1113996.994321486 2529103.4282891345, -1121782.9534291753 2530279.7435931186, -1129567.6704324996 2531464.251127569, -1137351.1367117583 2532656.9495809274, -1145133.3436486383 2533857.83763257, -1152914.2826262228 2535066.913952801, -1160693.9450289917 2536284.177202859, -1168472.3222428467 2537509.6260349196, -1176249.4056551068 2538743.2590920925))"
    ],
    "geometry": [
      "*-*-*-||por-que_base64_encoded||-*-*-*>AQMAAAABAAAA3QAAAFkD2We58jHBAO4poXteQ0GGpva7jvkxwXsvpT8ESUNBaMVfd2QAMsG6RqKZizNDQYgwOZg6BzLB5PX1tBEeQ0G29akcEQ4ywSz2bZeWCENBgFzbAugUMsEDA9FGGvNCQbDi+Ei/GzLBFOXeyJzdQkEAOTDtliIywZJ8UCMeyEJBfD+x7W4pMsGnzNdbnrJCQTYCrkhHMDLBzAUgeB2dQkHqtVr8HzcywUuQzX2bh0JBgbTtBvk9MsE/F35yGHJCQdh5n2bSRDLBvJLIW5RcQkFcoKoZrEsywVhSPT8PR0JBut1LHoZSMsGyB2YiiTFCQZr/wXJgWTLBq9DFCgIcQkFr6E0VO2AywXFB2f15BkJBBowyBBZnMsEZbxYB8fBBQYPstD3xbTLBlPnsGWfbQUEOFxzAzHQywYgVxk3cxUFBrSCxiah7MsGjlgSiULBBQQkjv5iEgjLBjPkEHMSaQUFjOZPrYIkywYFtHcE2hUFBX318gD2QMsFk3p2WqG9BQfYDzFUalzLBYv7PoRlaQUFP2tRp950ywc5P9+eJREFBtwLsutSkMsGhLlFu+S5BQaJxaEeyqzLB99kUOmgZQUF/CqMNkLIywfZ9c1DWA0FB4Jz2C265MsG8PJi2Q+5AQU/hv0BMwDLBYDiocbDYQEF7dl2qKscywcybwoYcw0BBLt4vRwnOMsE6pAD7h61AQWF6mRXo1DLBeKp10/KXQEFXiv4Tx9sywfgrLxVdgkBBqSfFQKbiMsEO1DTFxmxAQW5DVZqF6TLB6ISI6C9XQEFkoxgfZfAywXhgJoSYQUBBAd96zUT3MsGs0QSdACxAQbRc6aMk/jLBDZUUOGgWQEEVT9OgBAUzwZfBQFrPAEBBknKaRdPkMsHKLlptg/w/Qbo2ZYugxDLBbLJv0nD3P0F6vol0bKQywe9JIORm8j9B8EVeAzeEMsH9j8miZe0/QX4iOToAZDLBIX7IDm3oP0FfwnAbyEMywbJseSh94z9BoaxbqY4jMsHHEjjwld4/QfeAUOZTAzLBSIZfZrfZP0F796XUF+Mxwcg7Sovh1D9BouCydtrCMcGbBlJfFNA/Qe8kzs6bojHBuBjQ4k/LP0HUxE7fW4IxwcUCHRaUxj9BmdiLqhpiMcEJtJD54ME/QQ2Q3DLYQTHBYnqCjTa9P0GCMph6lCExwTwCSdKUuD9Bdx4WhE8BMcGjVjrI+7M/QZXJrVEJ4TDBG+Grb2uvP0FvwLblwcAwwbBp8sjjqj9BS6aIQnmgMMHkFmLUZKY/QRg1e2ovgDDBtW1Oku6hP0EhPeZf5F8wwY9RCgOBnT9B7qQhJZg/MME+BOgmHJk/QShphbxKHzDBBCY5/r+UP0GdONNQ+P0vwWi1TolskD9BV81M1li9L8FgD3nIIYw/QR8MKA63fC/BI+8HvN+HP0FRmxX9EjwvwTluSmSmgz9B9EvGp2z7LsFzBI/BdX8/QekY6xLEui7B3Icj1E17P0EBJzVDGXouwcMsVZwudz9BYMRVPWw5LsGihXAaGHM/QUBo/gW9+C3BKoPBTgpvP0G1suChC7gtwTF0kzkFaz9BEWyuFVh3LcGzBTHbCGc/QeKEGWaiNi3B0kLkMxVjP0FNFdSX6vUswbuU9kMqXz9B2lyQrzC1LMG6wrALSFs/QS7CALJ0dCzBK/Jai25XP0GY0tejtjMswXGmPMOdUz9BykHIifbyK8HxwJyz1U8/QWzphGg0sivBFYHBXBZMP0HPyMBEcHErwTuE8L5fSD9BtQQvI6owK8G+xW7asUQ/Qb7mggji7yrB5J6ArwxBP0FS3W/5F68qweLGaT5wPT9BEHup+ktuKsHOUm2H3Dk/QY924xB+LSrBorXNilE2P0EeqtFAruwpwT/AzEjPMj9BMBMoj9yrKcFIoavBVS8/QWXSmgAJaynBTuWq9eQrP0HAKt6ZMyopwZ92CuV8KD9Bl4GmX1zpKMFSnQmQHSU/QUNeqFaDqCjBT//m9sYhP0GMaZiDqGcowTOg4Bl5Hj9BoG0r68smKMFj4TP5Mxs/QXdVFpLt5SfB9IEdlfcXP0GVLA59DaUnwa2e2e3DFD9B0R7IsCtkJ8EJsqMDmRE/QcB3+TFIIyfBL5S21nYOP0GholcFY+Imwep6TGddCz9BwCmYL3yhJsGn+Z61TAg/QV22cLWTYCbBdAHnwUQFP0E7EJebqR8mwe/gXIxFAj9BLh3B5r3eJcFaRDgVT/8+QfrgpJvQnSXBgDWwXGH8PkHJfPi+4VwlwcAb+2J8+T5B6C5yVfEbJcH5u04ooPY+QY1SyGP/2iTBnzjgrMzzPkE4X7HuC5okwZUR5PAB8T5BsOjj+hZZJMFUJI70P+4+QRTKRxG8USTBeSS3OdUZP0HOMNdQYUokwVLP64ppRT9BpOg+uwZDJMEBTD/e/HA/QaqpLVKsOyTBgly5KY+cP0FFG1QXUjQkweBLVmMgyD9BFNdkDPgsJMG93AaBsPM/QRxsFDOeJSTBZhtYvJ8PQEHPYRmNRB4kwV/qFaBmJUBBFDssHOsWJMEhuaPmLDtAQXR5B+KRDyTBpXziivJQQEEtoGfgOAgkweE3rYe3ZkBBWzcLGeAAJMF38tjXe3xAQTHPso2H+SPBG680dj+SQEH/AiFAL/IjwaRiiV0CqEBBmXwaMtfqI8H56ZmIxL1AQWP3ZWV/4yPBCgEj8oXTQEGuQ8zbJ9wjwdc425RG6UBB80kYl9DUI8HU7XJrBv9AQRQOF5l5zSPBYD6UcMUUQUGyspfjIsYjwcgA456DKkFBd3xreMy+I8GQufzwQEBBQYfVZVl2tyPBTJF4Yf1VQUHAUFyIILAjwe9K5+q4a0FBIK0mB8uoI8HAOdOHc4FBQU3Zntd1oSPB7TbAMi2XQUHm9qD7IJojwaKXK+blrEFB8F0LdcySI8H7IoycncJBQW2gvkV4iyPBSwdSUFTYQUHNjZ1vJIQjwQTQ5vsJ7kFBYDaN9NB8I8FdW62ZvgNCQfXudNZ9dSPBvM8BJHIZQkFvVD4XK24jwQyROZUkL0JBNE/VuNhmI8GBNqPn1URCQfIWKL2GXyPBhX+GFYZaQkEzNicmNVgjwRBJJBk1cEJB4I3F9eNQI8FGg7bs4oVCQShZ+C2TSSPB5iVwio+bQkEAMbfQQkIjweQlfew6sUJB5Q/83/I6I8FYagIN5cZCQadVw12jMyPBL8Ed5o3cQkHcAdCI73AjwWZwjAHb3UJB84O1SjquI8Fth7g9LN9CQfhAAZ+D6yPBho2JmoHgQkGkuECByygkwU695hfb4UJBZIUB7RFmJMGzBLe1OONCQe9c0d1WoyTB+gThc5rkQkF2ED5PmuAkwcESS1IA5kJB7IzVPNwdJcECNttQaudCQYLbJaIcWyXBDip3b9joQkHJIb16W5glwZpdBK5K6kJBHaIpwpjVJcG68mcMwetCQRG8+XPUEibB4L6GijvtQkGD7LuLDlAmweZKRSi67kJBNM7+BEeNJsEK04flPPBCQdgZUdt9yibB8kYywsPxQkGkpkEKswcnwa5JKL5O80JBhGpfjeZEJ8G+MU3Z3fRCQVZ6OWAYgifBCQmEE3H2QkF8Cl9+SL8nweuMr2wI+EJB4W5f43b8J8EyLrLko/lCQZAbyoqjOSjBIRFue0P7QkHypC5wznYowXENxTDn/EJB5L8cj/ezKMFOrpgEj/5CQXdCJOMe8SjBbDLK9joAQ0HiI9VnRC4pwe+LOgfrAUNBFX2/GGhrKcGDYMo1nwNDQe2Ic/GJqCnBVAlaglcFQ0F1pIHtqeUpwRGTyewTB0NBck96CMgiKsHvvfh01AhDQW0s7j3kXyrBrf3GGpkKQ0FFAW6J/pwqwZV5E95hDENBZ7eK5hbaKsF/DL2+Lg5DQRBc1VAtFyvB0kSivP8PQ0G1IN/DQVQrwYhkodfUEUNBSVs5O1SRK8EwYZgPrhNDQaeGdbJkzivB7eNkZIsVQ0HVQiUlcwsswYNJ5NVsF0NBO1Xajn9ILMFMovNjUhlDQS6pJuuJhSzBQLJvDjwbQ0EFUJw1ksIswQHxNNUpHUNBn4HNaZj/LMHLiR+4Gx9DQaOcTIOcPC3BiFsLtxEhQ0G3Jqx9nnktwcT409ELI0NBFs1+VJ62LcG+p1QICiVDQXJkVwOc8y3BXmJoWgwnQ0HK6ciFlzAuwUDW6ccSKUNBaYJm15BtLsG3ZLNQHStDQT58w/OHqi7BwiKf9CstQ0FXTnPWfOcuwSnZhrM+L0NB+JgJe28kL8FgBESNVTFDQSsmGt1fYS/BptSvgXAzQ0H06Tj4TZ4vwfYto5CPNUNBgwL6xznbL8EQqPa5sjdDQWrc+KMRDDDBfY6C/dk5Q0FbQNo5hSowwZHgHlsFPENBnnxro/dIMMFsUaPSND5DQZT2dt5oZzDB+0fnY2hAQ0GBKcfo2IUwwQPfwQ6gQkNB1qYmwEekMMEf5QnT20RDQTsWYGK1wjDBwdyVsBtHQ0HTNT7NIeEwwTT8O6dfSUNBWNqL/oz/MMGpLdK2p0tDQTfvE/T2HTHBLw8u3/NNQ0HcdqGrXzwxwbzyJCBEUENBs4r/IsdaMcEq3ot5mFJDQW9b+VcteTHBR4s36/BUQ0EwMVpIkpcxwcdn/HRNV0NBhWvt8fW1McFSla4WrllDQdiBflJY1DHBiekh0BJcQ0FZA9lnufIxwQDuKaF7XkNB"
    ]
  }
}