(c0fcfe005f_contig_igh+igk:0.00430,d1ee7f9ce6_contig_igh+igk:0.00142,(665985d2d1_contig_igh+igk:0.00459,(c2cc9da0c3_contig_igh+igk:0.02928,(XnaiveX:0.00263,(6cf028b770_contig_igh+igk:0.01943,(4f03967793_contig_igh+igk:0.01894,6577576bb8_contig_igh+igk:0.01135)0.827:0.00273)0.993:0.01304)0.832:0.00336)0.974:0.01031)0.800:0.00114);
