((XnaiveX:0.0,13de8675ec:0.0,31e052ee14:0.0,33aaa62e12:0.0,4233d708fe:0.0,91796617a0:0.0):0.000000005,20a0129b57:0.002857414,97366cf0d8:0.002856080);
