{
  "content": "# Daily Engineering Report\n\n**Date:** 2025-10-21\n**Period:** Last 24 hours\n\n## Git Activity\n\n### Commits (15)\n\n- **abc123** - John Doe: feat: Add new feature (5 files)\n- **def456** - Jane Smith: fix: Resolve bug (3 files)\n- **ghi789** - Bob Wilson: docs: Update README (1 file)\n...\n\n## Gateway Telemetry\n\n### Tool Usage\n- Total calls: 234\n- Success rate: 95.7%\n- Average duration: 320ms\n\n### By Backend\n- chora-composer: 198 calls\n- coda-mcp: 36 calls\n\n### By Tool\n1. chora:generate_content - 125 calls\n2. chora:list_generators - 73 calls\n3. coda:list_docs - 36 calls\n\n## Events Timeline\n\n### Key Events\n- gateway.started - 1 occurrence\n- gateway.tool_call - 234 occurrences\n- chora.content_generated - 125 occurrences\n\n### Errors (10)\n- template_not_found: 5 occurrences\n- backend_timeout: 3 occurrences\n- invalid_parameter: 2 occurrences\n\n---\n\n*Generated by mcp-n8n v0.4.0 at 2025-10-21T14:30:00Z*\n",
  "commit_count": 15,
  "event_count": 234,
  "statistics": {
    "total_tool_calls": 234,
    "successful_calls": 224,
    "failed_calls": 10,
    "success_rate": 0.957,
    "avg_duration_ms": 320,
    "min_duration_ms": 15,
    "max_duration_ms": 4500,
    "by_backend": {
      "chora-composer": 198,
      "coda-mcp": 36
    },
    "by_tool": {
      "chora:generate_content": 125,
      "chora:list_generators": 73,
      "coda:list_docs": 36
    },
    "by_status": {
      "success": 224,
      "failure": 10
    }
  },
  "metadata": {
    "generated_at": "2025-10-21T14:30:00Z",
    "report_date": "2025-10-21",
    "time_range_hours": 24,
    "repo_path": ".",
    "branch": "main",
    "trace_id": "daily_report_xyz123"
  }
}
