(c0fcfe005f-igh:0.008166070,d1ee7f9ce6-igh:0.002713639,(665985d2d1-igh:0.010894197,(c2cc9da0c3-igh:0.058751821,(XnaiveX:0.005553003,(6cf028b770-igh:0.037840124,(4f03967793-igh:0.033801661,6577576bb8-igh:0.021886898)0.768:0.004537196)0.994:0.025260536)0.732:0.003647169)0.965:0.021970589)0.870:0.000000005);
