((b02ee7754a-igl:0.0,b1e56e40a1-igl:0.0):0.000000005,(d5ddf0c2ec-igl:0.003119820,(0eb272ee70-igl:0.015741693,(a2238f4e9a-igl:0.006269137,(XnaiveX:0.012708671,aa25e6c0ce-igl:0.019059075)0.754:0.003066989)0.845:0.000000005)0.931:0.009385895)0.914:0.000000005,(8d79fca804-igl:0.006254364,a3baa83300-igl:0.003117766)0.898:0.000000005);
