(453132f3ab_contig_igh+igk:0.019408269,f3509e0ef3_contig_igh+igk:0.013413701,(XnaiveX:0.000000005,(f094dfd68a_contig_igh+igk:0.013255979,(3a07b6f0a9_contig_igh+igk:0.007344406,7334912e1e_contig_igh+igk:0.013294093)0.736:0.001451666)0.885:0.005862794)0.385:0.002794533);
