{
  "source": "https://raw.githubusercontent.com/apache/parquet-testing/master/data/data_index_bloom_encoding_stats.parquet",
  "data": {
    "String": [
      "Hello",
      "This is",
      "a",
      "test",
      "How",
      "are you",
      "doing ",
      "today",
      "the quick",
      "brown fox",
      "jumps",
      "over",
      "the lazy",
      "dog"
    ]
  }
}