{
  "source": "https://raw.githubusercontent.com/apache/parquet-testing/master/data/int32_with_null_pages.parquet",
  "data": {
    "int32_field": [
      -654807448,
      -465559769,
      -34563097,
      398454479,
      null,
      2018642597,
      486675473,
      546345848,
      -117215667,
      -352034204,
      -1172816214,
      -2023202216,
      824947735,
      null,
      693139096,
      -890578380,
      -1614440520,
      -1375171157,
      26721177,
      370689415,
      194882439,
      113051189,
      1258948451,
      -1392593340,
      -1319276341,
      13449254,
      1806550135,
      -1359684554,
      -170064411,
      -849776899,
      2128666936,
      -857905232,
      1776674653,
      null,
      -1548794234,
      1145568871,
      1899419128,
      341828167,
      -637236762,
      496976447,
      2144701119,
      -1462528420,
      699407170,
      -1148896852,
      1436001843,
      -1764093675,
      null,
      102356227,
      528605505,
      -1755390394,
      533767844,
      -482737358,
      -2104640980,
      -939734185,
      -73215443,
      -397691621,
      null,
      787421616,
      1373150836,
      1241233186,
      542550222,
      -276192659,
      -85178309,
      1384213332,
      161848227,
      -372751003,
      null,
      -566737687,
      1258081642,
      2052514497,
      -977326464,
      -1685069571,
      1275630565,
      1935413729,
      1730111708,
      1240172789,
      -1869051868,
      -1672674548,
      -334426720,
      null,
      1843566887,
      -1995642829,
      null,
      1679346179,
      -1194832364,
      -1392087906,
      1366639757,
      -577228834,
      -834147483,
      388011182,
      1596310898,
      1528833585,
      -1105932818,
      968145705,
      -387239298,
      1769007516,
      -2135807632,
      -322662220,
      1013540932,
      139042023,
      -877855123,
      null,
      -1615465723,
      1311163837,
      -46344371,
      1167504217,
      -222974653,
      773589402,
      -2104090659,
      -1112081303,
      156631953,
      476172847,
      -1578113749,
      -1042300721,
      -1613024799,
      null,
      null,
      -1393013596,
      1422953969,
      412624056,
      537608094,
      -1790041722,
      -1191756506,
      -824936528,
      null,
      664894721,
      531900063,
      -1919722730,
      301604821,
      -1689290271,
      1745329571,
      -1717925870,
      -1556047187,
      -127781407,
      -1212016182,
      1080204150,
      1421413644,
      null,
      -845581274,
      1058486283,
      1219594393,
      null,
      -734123891,
      727859943,
      1135012621,
      605085512,
      -1561038278,
      -1487225482,
      179929604,
      -541121500,
      -2033274361,
      null,
      null,
      null,
      null,
      null,
      null,
      null,
      null,
      null,
      null,
      null,
      null,
      null,
      null,
      null,
      null,
      null,
      null,
      null,
      null,
      null,
      null,
      null,
      null,
      null,
      null,
      null,
      null,
      null,
      null,
      null,
      null,
      null,
      null,
      null,
      null,
      null,
      null,
      null,
      null,
      null,
      null,
      null,
      null,
      null,
      null,
      null,
      null,
      null,
      null,
      null,
      null,
      null,
      null,
      null,
      null,
      null,
      null,
      null,
      null,
      null,
      null,
      null,
      null,
      null,
      null,
      null,
      null,
      null,
      null,
      null,
      null,
      null,
      null,
      null,
      null,
      null,
      null,
      null,
      null,
      null,
      null,
      null,
      null,
      null,
      null,
      null,
      null,
      null,
      null,
      null,
      null,
      null,
      null,
      null,
      null,
      null,
      null,
      null,
      null,
      null,
      null,
      null,
      null,
      null,
      null,
      null,
      null,
      null,
      null,
      null,
      null,
      null,
      null,
      null,
      null,
      null,
      null,
      null,
      null,
      null,
      null,
      null,
      null,
      null,
      null,
      null,
      null,
      null,
      null,
      null,
      null,
      null,
      null,
      null,
      null,
      null,
      null,
      null,
      null,
      null,
      null,
      null,
      null,
      null,
      null,
      null,
      null,
      null,
      null,
      null,
      null,
      null,
      null,
      null,
      null,
      null,
      null,
      null,
      null,
      null,
      null,
      null,
      null,
      null,
      null,
      null,
      null,
      null,
      null,
      null,
      null,
      null,
      null,
      null,
      null,
      null,
      null,
      null,
      null,
      null,
      null,
      null,
      null,
      null,
      null,
      null,
      null,
      null,
      null,
      null,
      null,
      null,
      null,
      null,
      null,
      null,
      null,
      null,
      -2116849709,
      637681129,
      -394705774,
      1271901623,
      null,
      -2102530251,
      null,
      677167178,
      -1605800018,
      1085920377,
      581217593,
      1943628806,
      1608249023,
      -1098799251,
      -601431418,
      -330087908,
      955002951,
      724158533,
      -1462643420,
      1424545269,
      -253572391,
      603304805,
      1577807410,
      -1161960816,
      -1001301828,
      -1281330683,
      1111663039,
      -1919342338,
      442743402,
      1214898352,
      -316516016,
      -2115002652,
      457648403,
      1528186310,
      843525726,
      -558437124,
      1148262680,
      -187025414,
      -1241385771,
      177814932,
      -923800432,
      1198314708,
      1928402327,
      1164204813,
      1731163590,
      -138787025,
      -965035785,
      2077105757,
      1624983992,
      -1863279172,
      -1854815937,
      null,
      -144191872,
      1559358681,
      -1347045981,
      null,
      702351933,
      -837578159,
      null,
      -1140885914,
      -2048691758,
      null,
      919880953,
      -66568365,
      -1990049757,
      217908079,
      -1071705248,
      -748725871,
      -1459750546,
      325668755,
      204514696,
      2095132251,
      1051953111,
      2093880691,
      -1695193815,
      -1180550184,
      1949578720,
      -1333269999,
      1951694892,
      -4488829,
      1855431036,
      229516547,
      -1897350351,
      -1001269587,
      1690252948,
      -324460813,
      -988736502,
      -1782476552,
      2143189382,
      null,
      1884303909,
      -1958405731,
      28496089,
      257387098,
      576281133,
      null,
      null,
      -1525374847,
      -60868723,
      -1900112881,
      151231415,
      null,
      1010420825,
      1211267991,
      455021640,
      -1565388866,
      1675397853,
      278396711,
      -1496743239,
      -1446841147,
      null,
      2086654270,
      null,
      -1240555726,
      null,
      -521369093,
      -930288177,
      -2048462325,
      102034796,
      1735704503,
      -871151637,
      -486934393,
      -523823247,
      -553954424,
      509571044,
      998532431,
      null,
      1405933815,
      null,
      null,
      -965086098,
      -43436204,
      -354999187,
      -456480477,
      -415693353,
      1486128944,
      null,
      -1719431704,
      -1957465742,
      2057293651,
      -1273063610,
      1474256974,
      726767947,
      969963585,
      -1227049240,
      null,
      132240179,
      -1657035503,
      255108118,
      1074352862,
      null,
      -150029952,
      1519288480,
      1589647151,
      252317705,
      -386283249,
      766603008,
      -1876277749,
      2006321399,
      1187153675,
      71076134,
      -1391558502,
      967255762,
      -1645669687,
      null,
      -963952224,
      -1268231836,
      1075344848,
      -1499712974,
      -816741582,
      997611660,
      null,
      -331715253,
      null,
      1943788981,
      null,
      null,
      12023281,
      703341839,
      745836991,
      -962836133,
      null,
      285076487,
      1369965800,
      577678829,
      1764828753,
      1778980771,
      976918162,
      153641031,
      96639291,
      -593272659,
      null,
      -1202827530,
      -1065494483,
      -2006455444,
      1163714435,
      -281040753,
      -1633271610,
      -1964469496,
      536105270,
      368804780,
      49534028,
      -924389648,
      -893740461,
      36157340,
      248575036,
      1798305983,
      null,
      831648030,
      -50981306,
      -1407343348,
      -1049892433,
      -1245214890,
      251948521,
      -1328549353,
      733161674,
      -1707561126,
      1278864437,
      695279584,
      -1530370951,
      -1831368160,
      -1365530378,
      -548285042,
      376681221,
      null,
      -1272499293,
      1536712108,
      659708373,
      2087827129,
      -1636153256,
      -1041456900,
      754571499,
      1603884774,
      -2017923401,
      null,
      306889469,
      1268094650,
      -453262475,
      null,
      535844358,
      -181358697,
      646970092,
      216956767,
      82560084,
      1140875282,
      -1691063988,
      1917805474,
      193539222,
      -1593246251,
      1654643389,
      519242368,
      430314856,
      -498806027,
      1335590898,
      1541500601,
      -2075549383,
      -1789568134,
      1542950581,
      -1313433537,
      -29051699,
      -1867247647,
      225923173,
      null,
      -6353355,
      -620096463,
      -571201125,
      -1538796943,
      -308382775,
      -770940088,
      1563009683,
      -1424674522,
      1518348610,
      1194971347,
      -1668844173,
      1080156923,
      -196569537,
      -801568276,
      2094641564,
      null,
      -2136906554,
      -2134374446,
      -628689950,
      -913393168,
      -613561502,
      -1449966749,
      -1501743571,
      -1260659401,
      -1583045987,
      null,
      1396150421,
      null,
      -427934934,
      -633922037,
      1406894286,
      -1169653040,
      216351686,
      -1093266191,
      2125689411,
      null,
      1245296673,
      -782789234,
      -16942515,
      1452790156,
      -777593922,
      -227578862,
      -1671730688,
      1501194191,
      -1805873867,
      1386433935,
      2071327545,
      -887323128,
      138742022,
      1005521874,
      -1305205160,
      -785139273,
      780816275,
      1486666029,
      -426069532,
      1934152991,
      -2110964313,
      -1506626317,
      -286522616,
      -1188412472,
      -1674103572,
      -295254017,
      -1669597679,
      1352953597,
      273175667,
      -72855250,
      1578702577,
      1999778380,
      -628866768,
      521372128,
      1630368191,
      144138249,
      371162748,
      -975197573,
      -621219019,
      -6859318,
      -1710270830,
      -862284056,
      763844913,
      1782161644,
      -2019667182,
      -154993900,
      -1371294924,
      -816925939,
      -857258624,
      1905520497,
      -297045274,
      1193715344,
      460906437,
      -1860993678,
      -2031940464,
      363598620,
      -643572563,
      112606226,
      -1766971488,
      1750397469,
      590723176,
      -1456866226,
      1317887785,
      -157576382,
      77723914,
      -2061924954,
      658739808,
      -1477336835,
      -1176762612,
      1459315360,
      -1689991904,
      241120518,
      -530344504,
      -1103250107,
      -1974431641,
      2034236632,
      977640448,
      1918978978,
      -1095097641,
      -1613730253,
      -703341481,
      -2099950519,
      1719652662,
      1736248216,
      773127638,
      849777357,
      -1265355026,
      371570896,
      388969577,
      1364436041,
      1224402574,
      1422335846,
      642742624,
      173532122,
      1889184327,
      -1019469016,
      -1991289873,
      88067872,
      -941140881,
      -2113313110,
      781922734,
      1482181314,
      1304764417,
      56942530,
      2098941721,
      1078656743,
      2118623516,
      -1460962291,
      -870240240,
      -952515651,
      -1624357504,
      800511337,
      1096525913,
      -2043994635,
      37774612,
      -1329269127,
      -1189907431,
      1943653189,
      null,
      -550299108,
      2106813096,
      180613891,
      835377681,
      -560741728,
      -198666131,
      -1391713441,
      168600889,
      null,
      2090069054,
      -1401485795,
      null,
      -730065944,
      2145722375,
      -348040083,
      1053646283,
      212998862,
      1639470804,
      null,
      825673412,
      378067468,
      null,
      1332864476,
      null,
      -438461565,
      2039245219,
      1713449839,
      null,
      -1624985304,
      -482838519,
      -1175464289,
      1958354445,
      -1900599897,
      null,
      null,
      1094353599,
      -153296958,
      1464446986,
      -351621446,
      1417820297,
      1454909384,
      623139468,
      1577677835,
      1898423653,
      -155904138,
      -1911603617,
      -834289433,
      -1719074578,
      270567288,
      -1970649,
      1931553045,
      -1290952846,
      -1448927665,
      -123359107,
      619157358,
      null,
      -2042449921,
      199142735,
      -47338856,
      1672053654,
      423503076,
      -1026649850,
      -2009960230,
      -1334404917,
      -1702637957,
      949642947,
      988682806,
      1962491528,
      760839566,
      156808878,
      null,
      1986378558,
      196001712,
      -1053223599,
      -522200817,
      -482416149,
      2041969897,
      -1338042634,
      970309020,
      -415444863,
      -1576034061,
      -1493413348,
      -475847788,
      1310839141,
      null,
      520726763,
      null,
      551856943,
      1848236562,
      -113491863,
      -255190594,
      584927001,
      2055287188,
      1636962255,
      -1253878795,
      574265075,
      1196857101,
      1856709369,
      1867505700,
      421138898,
      -1180520397,
      -1718056539,
      1636345274,
      -1751580481,
      -2046900272,
      -1035874105,
      -521933189,
      1266239797,
      858053697,
      -1501825788,
      43506943,
      -1700460635,
      null,
      -1819800812,
      -468529159,
      2005195151,
      314811884,
      353552417,
      2087168549,
      1446202038,
      -641200542,
      -1931300073,
      928368604,
      728188595,
      -1645009751,
      878013601,
      1073140577,
      -57002011,
      577061124,
      null,
      -1477267499,
      1956721577,
      144522917,
      -1372601949,
      -1130674493,
      1586125964,
      624223890,
      1298187183,
      -1047524084,
      -1883548026,
      577118270,
      -1854086580,
      164173558,
      62600401,
      null,
      -175764291,
      353183444,
      1405715696,
      -1382594411,
      1315422889,
      -1895559696,
      1633891733,
      null,
      -1362523610,
      null,
      -452402483,
      768299976,
      1601927185,
      -433231835,
      974522424,
      null,
      1409500777,
      -1431240084,
      1780763654,
      -1255767344,
      -447708545,
      217427018,
      1525983800,
      2078586537,
      1530867607,
      null,
      -1069735850,
      null,
      1720800705,
      372715699,
      95621994,
      445764429,
      -491246593,
      427960748,
      712552729,
      1101197182,
      -1732780163,
      686507437,
      -234168688,
      726515957,
      null,
      null,
      119623094,
      642779370,
      -518783734,
      -915670871,
      752160538,
      -72504398,
      212127405,
      -542694384,
      -1781657087,
      1839737704,
      603354334,
      -1721045718,
      -294674457,
      -1934393341,
      null,
      1645632867,
      -1095824400,
      null,
      1149153130,
      689014357,
      -1759458267,
      -1031495615,
      21239802,
      null,
      342286727,
      25845317,
      568594874,
      -896972213,
      -843112913,
      1816870887,
      1094963081,
      null,
      -1399003686,
      -1426928014,
      -1941944785,
      -844602487,
      -430056989,
      -1014286755,
      -582985072,
      -640616213,
      -1451413579,
      43219732,
      211608450,
      1341709713,
      303403251
    ]
  }
}