{
  "source": "https://raw.githubusercontent.com/apache/parquet-testing/master/data/int96_from_spark.parquet",
  "data": {
    "a": [
      45384727358806516769368576,
      45384727358736020645912576,
      99123284132183896255750144,
      45391441973658050922700800,
      null,
      77275349031935383503912919040
    ]
  }
}