{
  "source": "https://raw.githubusercontent.com/apache/parquet-testing/master/data/map_no_value.parquet",
  "data": {
    "my_map": [
      [
        [
          1,
          null
        ],
        [
          2,
          null
        ],
        [
          3,
          null
        ]
      ],
      [
        [
          4,
          null
        ],
        [
          5,
          null
        ],
        [
          6,
          null
        ]
      ],
      [
        [
          7,
          null
        ],
        [
          8,
          null
        ],
        [
          9,
          null
        ]
      ]
    ],
    "my_map_no_v": [
      [
        1,
        2,
        3
      ],
      [
        4,
        5,
        6
      ],
      [
        7,
        8,
        9
      ]
    ],
    "my_list": [
      [
        1,
        2,
        3
      ],
      [
        4,
        5,
        6
      ],
      [
        7,
        8,
        9
      ]
    ]
  }
}
