{
  "source": "https://raw.githubusercontent.com/apache/parquet-testing/master/data/nan_in_stats.parquet",
  "data": {
    "x": [
      1.0,
      NaN
    ]
  }
}