{
  "source": "https://raw.githubusercontent.com/apache/parquet-testing/master/data/repeated_primitive_no_list.parquet",
  "data": {
    "Int32_list": [
      [
        0,
        1,
        2,
        3
      ],
      [],
      [
        4
      ],
      [
        5,
        6,
        7,
        8
      ]
    ],
    "String_list": [
      [
        "foo",
        "zero",
        "one",
        "two"
      ],
      [
        "three"
      ],
      [
        "four"
      ],
      [
        "five",
        "six",
        "seven",
        "eight"
      ]
    ],
    "group_of_lists": [
      {
        "Int32_list_in_group": [
          0,
          1,
          2,
          3
        ],
        "String_list_in_group": [
          "foo",
          "zero",
          "one",
          "two"
        ]
      },
      {
        "Int32_list_in_group": [],
        "String_list_in_group": [
          "three"
        ]
      },
      {
        "Int32_list_in_group": [
          4
        ],
        "String_list_in_group": [
          "four"
        ]
      },
      {
        "Int32_list_in_group": [
          5,
          6,
          7,
          8
        ],
        "String_list_in_group": [
          "five",
          "six",
          "seven",
          "eight"
        ]
      }
    ]
  }
}