{
  "source": "https://raw.githubusercontent.com/apache/parquet-testing/master/data/rle_boolean_encoding.parquet",
  "data": {
    "datatype_boolean": [
      true,
      false,
      null,
      true,
      true,
      false,
      false,
      true,
      true,
      true,
      false,
      false,
      true,
      true,
      false,
      null,
      true,
      true,
      false,
      false,
      true,
      true,
      false,
      null,
      true,
      true,
      false,
      false,
      true,
      true,
      true,
      false,
      false,
      false,
      false,
      true,
      true,
      false,
      null,
      true,
      true,
      false,
      false,
      true,
      true,
      true,
      false,
      false,
      null,
      true,
      true,
      false,
      false,
      true,
      true,
      true,
      false,
      true,
      true,
      false,
      null,
      true,
      true,
      false,
      false,
      true,
      true,
      true
    ]
  }
}