{
  "source": "https://raw.githubusercontent.com/apache/parquet-testing/master/data/incorrect_map_schema.parquet",
  "data": {
    "my_map": [
      [
        [
          "parent",
          "another"
        ],
        [
          "name",
          "report"
        ]
      ]
    ]
  }
}
