{
  "source": "https://raw.githubusercontent.com/apache/parquet-testing/master/data/nested_maps.snappy.parquet",
  "data": {
    "a": [
      [
        [
          "a",
          [
            [
              1,
              true
            ],
            [
              2,
              false
            ]
          ]
        ]
      ],
      [
        [
          "b",
          [
            [
              1,
              true
            ]
          ]
        ]
      ],
      [
        [
          "c",
          null
        ]
      ],
      [
        [
          "d",
          []
        ]
      ],
      [
        [
          "e",
          [
            [
              1,
              true
            ]
          ]
        ]
      ],
      [
        [
          "f",
          [
            [
              3,
              true
            ],
            [
              4,
              false
            ],
            [
              5,
              true
            ]
          ]
        ]
      ]
    ],
    "b": [
      1,
      1,
      1,
      1,
      1,
      1
    ],
    "c": [
      1.0,
      1.0,
      1.0,
      1.0,
      1.0,
      1.0
    ]
  }
}